17:22:14 [syglass to imaris] logging to: D:\USER DATA\Mark Becker\syglass-imaris-interop\logs\pulse_xt_20260727_172214.log
17:22:14 [syglass to imaris] no .syk next to the .ims (looked for D:\USER DATA\Mark Becker\v2_nosyk_test\260205_mbls005_dd008v_3a_5b_5ac_af_stc.syk); opening file picker.
17:22:20 [syglass to imaris] using .syk: D:/USER DATA/Mark Becker/test_masks_2/260205_mbls005_dd008v_3a_5b_5ac_af_stc.syk
17:22:20 [syglass to imaris] Importing your syglass mask...
17:22:20 [syglass to imaris] .ims dims:    2167 x 4768 x 1204 voxels
17:22:20 [syglass to imaris] .ims extents: X=[-1800.750, 8505.910] Y=[-11707.200, 10970.300] Z=[0.000, 6020.000]
17:22:20 [syglass to imaris] .ims voxel size (um): 4.7562 x 4.7562 x 5.0000
17:22:20 [syglass to imaris] .syk: cx=136 cy=300 cz=76  stride=6,201,624  ~434 blocks
17:22:20 [syglass to imaris] .syk: 434 blocks; deepest level=4  full grid=2160×4784×1200
17:22:20 [syglass to imaris] APRON DIAGNOSTIC — do adjacent blocks overlap?
17:22:20 [syglass to imaris]   X: A.last==B.first=0.00  A.last-1==B.first=0.00  baseline=0.00
17:22:20 [syglass to imaris]   Y: A.last==B.first=0.91  A.last-1==B.first=0.92  baseline=0.00
17:22:20 [syglass to imaris]   Z: A.last==B.first=0.00  A.last-1==B.first=nan  baseline=0.00
17:22:20 [syglass to imaris] .syk: allocating clipped vol 1856×1920×1152 (origin 304,2864,48)
17:22:23 [syglass to imaris] .syk: placed 317 level-4 blocks (of 4096 possible)
17:22:43 [syglass to imaris] .syk: block-boundary seams filled
17:22:43 [syglass to imaris] SEAM PROBE (values across block boundaries; | = block edge):
17:22:43 [syglass to imaris]   X@101: 1111111|11111111
17:22:43 [syglass to imaris]   X@236: 1111111|11111111
17:22:43 [syglass to imaris]   X@371: 1111111|11111111
17:22:43 [syglass to imaris]   X@506: ......1|........
17:22:43 [syglass to imaris]   Y@126: .......|11......
17:22:43 [syglass to imaris]   Y@425: 1111111|11111111
17:22:43 [syglass to imaris]   Y@724: 1111111|11111111
17:22:44 [syglass to imaris]   Y@1023: 1111111|11111111
17:22:44 [syglass to imaris]   Z@27: ......1|11111111
17:22:44 [syglass to imaris]   Z@102: 1111111|11111111
17:22:44 [syglass to imaris]   Z@177: 1111111|11111111
17:22:44 [syglass to imaris]   Z@252: 1111111|11111111
17:22:45 [syglass to imaris] mask read in 24.9s
17:22:54 [syglass to imaris] label_vol shape: (1856, 1920, 1152), dtype: uint16
17:22:54 [syglass to imaris] Non-zero voxels: 37876741 / 4105175040  (inventory in 8.7s)
17:22:54 [syglass to imaris]   label 1: 37876741 voxels
17:22:54 [syglass to imaris] Found 1 labels: [1]
17:22:55 [syglass to imaris] mask projection — top-down (rows=X, cols=Y):
17:22:55 [syglass to imaris]   |          ###                                                   |
17:22:55 [syglass to imaris]   |          ###                                                   |
17:22:55 [syglass to imaris]   |##    ### #####              ##  ###         ####               |
17:22:55 [syglass to imaris]   |##   ##########              #######        #####               |
17:22:55 [syglass to imaris]   |###    ######                #####         ####                 |
17:22:55 [syglass to imaris]   |##############          ############    ########                |
17:22:55 [syglass to imaris]   | ############         ########################                  |
17:22:55 [syglass to imaris]   |#####  ########       ####   #################                  |
17:22:55 [syglass to imaris]   |#####    #####        ####   ################                   |
17:22:55 [syglass to imaris]   |######                    #######                               |
17:22:55 [syglass to imaris]   |########                #########  #                            |
17:22:55 [syglass to imaris]   |   ########          ########                                   |
17:22:55 [syglass to imaris]   |   ##########################                                   |
17:22:55 [syglass to imaris]   |#########################                                       |
17:22:55 [syglass to imaris]   |##########################                                      |
17:22:55 [syglass to imaris]   |#######              #########                                  |
17:22:55 [syglass to imaris]   |#########            #######################                    |
17:22:55 [syglass to imaris]   |                #########  #################                    |
17:22:55 [syglass to imaris]   |                ####################### ####                    |
17:22:55 [syglass to imaris]   |                  ####       ###### ######                      |
17:22:55 [syglass to imaris]   |                ######       ####  ####### #                    |
17:22:55 [syglass to imaris]   |                                                                |
17:22:55 [syglass to imaris]   |                             ###      ###  #                    |
17:22:55 [syglass to imaris]   |                                                                |
17:22:55 [syglass to imaris]   |                                                                |
17:22:55 [syglass to imaris]   |                                                                |
17:22:55 [syglass to imaris] mask projection — side (rows=X, cols=Z):
17:22:55 [syglass to imaris]   |                    ####                                        |
17:22:55 [syglass to imaris]   |                   #####                                        |
17:22:55 [syglass to imaris]   |            ###    #####    #######   ###  ###                  |
17:22:55 [syglass to imaris]   |              #####################   ########                  |
17:22:55 [syglass to imaris]   |            ######################   #########                  |
17:22:55 [syglass to imaris]   | ################################## ###### ###                  |
17:22:55 [syglass to imaris]   |  #########  #############      ## ########                     |
17:22:55 [syglass to imaris]   |          #################  ###############                    |
17:22:55 [syglass to imaris]   |            ####################################                |
17:22:55 [syglass to imaris]   |                   ##############################               |
17:22:55 [syglass to imaris]   |                  #############################                 |
17:22:55 [syglass to imaris]   |                ###########                                     |
17:22:55 [syglass to imaris]   |            ###############                                     |
17:22:55 [syglass to imaris]   |   #########################                                    |
17:22:55 [syglass to imaris]   |###############################                                 |
17:22:55 [syglass to imaris]   |################        ##################                      |
17:22:55 [syglass to imaris]   | ################  #######################                      |
17:22:55 [syglass to imaris]   |                    ###################                         |
17:22:55 [syglass to imaris]   |                   ######################                       |
17:22:55 [syglass to imaris]   |#######           ######      ###########                       |
17:22:55 [syglass to imaris]   | ## ###             #####    ##########                         |
17:22:55 [syglass to imaris]   |                                                                |
17:22:55 [syglass to imaris]   |    ##              ###       #####                             |
17:22:55 [syglass to imaris]   |                                                                |
17:22:55 [syglass to imaris]   |                                                                |
17:22:55 [syglass to imaris]   |                                                                |
17:22:55 [syglass to imaris] IDataSet (clipped): 1856×1920×1152 voxels  full grid 2160×4784×1200
17:22:55 [syglass to imaris] IDataSet extents: X=[-350.2, 8505.9] Y=[1869.0, 10970.3] Z=[240.8, 6020.0]
17:22:55 [syglass to imaris] ims/syk ratio: X=1.00  Y=1.00  Z=1.00
17:22:55 [syglass to imaris] 1 label(s); each cropped to its bbox, uploaded in <= 900 KB chunks; prep pipelined 1 ahead
17:23:22 [syglass to imaris] L1/1 (id 1): crop 1543x1449x876 (1958.6 MB) at voxel (47,6,9); painted=37876741 kept=37930894; bbox um X=[-126,7237] Y=[1897,8766] Z=[286,4681]
17:23:50 [syglass to imaris] L1/1 (id 1): prep_wait=26.45s  upload=23.43s  detect=4.74s  surfaces_in_object=1
17:23:50 [syglass to imaris] Created 1 surface object(s) in 54.8s  (prep_wait 26.4s + upload 23.4s + detect 4.7s; avg 54.76s/label)
17:23:50 [syglass to imaris] leveldb not available — cannot read .sym counting points.
17:23:50 [syglass to imaris] Done — surfaces added to the scene. NOT saved: press Ctrl+S in Imaris to write them to the .ims when ready.
