17:43:47 [syglass to imaris] logging to: D:\USER DATA\Mark Becker\syglass-imaris-interop\logs\pulse_xt_20260727_174347.log
17:43:47 [syglass to imaris] no .syk next to the .ims (looked for D:\USER DATA\Mark Becker\v2_nosyk_test\260205_mbls005_dd008v_3a_5b_5ac_af_stc.syk); opening file picker.
17:43:53 [syglass to imaris] using .syk: D:/USER DATA/Mark Becker/test_masks_2/260205_mbls005_dd008v_3a_5b_5ac_af_stc.syk
17:43:53 [syglass to imaris] Importing your syglass mask...
17:43:53 [syglass to imaris] .ims dims:    2167 x 4768 x 1204 voxels
17:43:53 [syglass to imaris] .ims extents: X=[-1800.750, 8505.910] Y=[-11707.200, 10970.300] Z=[0.000, 6020.000]
17:43:53 [syglass to imaris] .ims voxel size (um): 4.7562 x 4.7562 x 5.0000
17:43:53 [syglass to imaris] .syk: cx=136 cy=300 cz=76  stride=6,201,624  ~434 blocks
17:43:53 [syglass to imaris] .syk: 434 blocks; deepest level=4  full grid=2176×4784×1200
17:43:53 [syglass to imaris] APRON DIAGNOSTIC (aggregated over all adjacent painted pairs):
17:43:53 [syglass to imaris]   X: high(A.last=B.first)=0.02  low(A.first=prev.last)=0.02  base=0.03  pairs=229 vox=494900
17:43:53 [syglass to imaris]   Y: high(A.last=B.first)=0.94  low(A.first=prev.last)=0.94  base=0.02  pairs=155 vox=146234
17:43:53 [syglass to imaris]   Z: high(A.last=B.first)=0.96  low(A.first=prev.last)=0.96  base=0.14  pairs=256 vox=518874
17:43:53 [syglass to imaris] .syk: allocating clipped vol 1872×1920×1152 (origin 304,2864,48)
17:43:55 [syglass to imaris] .syk: placed 317 level-4 blocks (of 4096 possible)
17:44:17 [syglass to imaris] .syk: block-boundary seams filled
17:44:17 [syglass to imaris] SEAM PROBE (values across block boundaries; | = block edge):
17:44:17 [syglass to imaris]   X@104: 11111..|11111111
17:44:17 [syglass to imaris]   X@240: .......|11111111
17:44:17 [syglass to imaris]   X@376: ......1|........
17:44:17 [syglass to imaris]   X@512: .....11|........
17:44:17 [syglass to imaris]   Y@126: 1111111|11111111
17:44:17 [syglass to imaris]   Y@425: 1111111|11111111
17:44:17 [syglass to imaris]   Y@724: 1111111|11111111
17:44:17 [syglass to imaris]   Y@1023: 1111111|11111111
17:44:17 [syglass to imaris]   Z@27: ....111|11111111
17:44:17 [syglass to imaris]   Z@102: 1111111|11111111
17:44:17 [syglass to imaris]   Z@177: 1111111|11111111
17:44:17 [syglass to imaris]   Z@252: 1111111|11111111
17:44:19 [syglass to imaris] mask read in 26.0s
17:44:27 [syglass to imaris] label_vol shape: (1872, 1920, 1152), dtype: uint16
17:44:27 [syglass to imaris] Non-zero voxels: 37900400 / 4140564480  (inventory in 8.7s)
17:44:27 [syglass to imaris]   label 1: 37900400 voxels
17:44:27 [syglass to imaris] Found 1 labels: [1]
17:44:29 [syglass to imaris] mask projection — top-down (rows=X, cols=Y):
17:44:29 [syglass to imaris]   |          ##                                                    |
17:44:29 [syglass to imaris]   |          ###                                                   |
17:44:29 [syglass to imaris]   |##    ### #####              ##  ###         ####               |
17:44:29 [syglass to imaris]   |##   ##########              #######        #####               |
17:44:29 [syglass to imaris]   |###    ######                #####         ####                 |
17:44:29 [syglass to imaris]   |##############          ############     #######                |
17:44:29 [syglass to imaris]   | ############         ########################                  |
17:44:29 [syglass to imaris]   |#####  ########       ####   #################                  |
17:44:29 [syglass to imaris]   |#####    #####        ####   ################                   |
17:44:29 [syglass to imaris]   |######                    #######  #                            |
17:44:29 [syglass to imaris]   |########                #########  #                            |
17:44:29 [syglass to imaris]   |   ########          ########                                   |
17:44:29 [syglass to imaris]   |   ##########################                                   |
17:44:29 [syglass to imaris]   |#########################                                       |
17:44:29 [syglass to imaris]   |##########################                                      |
17:44:29 [syglass to imaris]   |#######              #########                                  |
17:44:29 [syglass to imaris]   |#########            #######################                    |
17:44:29 [syglass to imaris]   |                #########  #################                    |
17:44:29 [syglass to imaris]   |                ####################### ####                    |
17:44:29 [syglass to imaris]   |                  ####       ###### ######                      |
17:44:29 [syglass to imaris]   |                ######       ####  ####### #                    |
17:44:29 [syglass to imaris]   |                                                                |
17:44:29 [syglass to imaris]   |                             ###      ###  #                    |
17:44:29 [syglass to imaris]   |                                                                |
17:44:29 [syglass to imaris]   |                                                                |
17:44:29 [syglass to imaris]   |                                                                |
17:44:29 [syglass to imaris] mask projection — side (rows=X, cols=Z):
17:44:29 [syglass to imaris]   |                    ####                                        |
17:44:29 [syglass to imaris]   |                   #####                                        |
17:44:29 [syglass to imaris]   |            ###    #####    #######   ###  ###                  |
17:44:29 [syglass to imaris]   |              #####################   ########                  |
17:44:29 [syglass to imaris]   |            ######################   #########                  |
17:44:29 [syglass to imaris]   | ################################## ###### ###                  |
17:44:29 [syglass to imaris]   |  #########  #############      ## ########                     |
17:44:29 [syglass to imaris]   |          #################   ##############                    |
17:44:29 [syglass to imaris]   |            ####################################                |
17:44:29 [syglass to imaris]   |                   ##############################               |
17:44:29 [syglass to imaris]   |                  #############################                 |
17:44:29 [syglass to imaris]   |                ###########                                     |
17:44:29 [syglass to imaris]   |            ###############                                     |
17:44:29 [syglass to imaris]   |   #########################                                    |
17:44:29 [syglass to imaris]   |###############################                                 |
17:44:29 [syglass to imaris]   |################        ##################                      |
17:44:29 [syglass to imaris]   | ################  #######################                      |
17:44:29 [syglass to imaris]   |                    ###################                         |
17:44:29 [syglass to imaris]   |                   ######################                       |
17:44:29 [syglass to imaris]   |#######           ######      ###########                       |
17:44:29 [syglass to imaris]   | ## ###             #####    ##########                         |
17:44:29 [syglass to imaris]   |                                                                |
17:44:29 [syglass to imaris]   |    ##              ###       #####                             |
17:44:29 [syglass to imaris]   |                                                                |
17:44:29 [syglass to imaris]   |                                                                |
17:44:29 [syglass to imaris]   |                                                                |
17:44:29 [syglass to imaris] IDataSet (clipped): 1872×1920×1152 voxels  full grid 2176×4784×1200
17:44:29 [syglass to imaris] IDataSet extents: X=[-360.8, 8505.9] Y=[1869.0, 10970.3] Z=[240.8, 6020.0]
17:44:29 [syglass to imaris] ims/syk ratio: X=1.00  Y=1.00  Z=1.00
17:44:29 [syglass to imaris] 1 label(s); each cropped to its bbox, uploaded in <= 900 KB chunks; prep pipelined 1 ahead
17:44:56 [syglass to imaris] L1/1 (id 1): crop 1555x1449x876 (1973.8 MB) at voxel (49,6,9); painted=37900400 kept=37953000; bbox um X=[-129,7237] Y=[1897,8766] Z=[286,4681]
17:45:32 [syglass to imaris] L1/1 (id 1): prep_wait=26.79s  upload=31.72s  detect=4.93s  surfaces_in_object=1
17:45:32 [syglass to imaris] Created 1 surface object(s) in 63.6s  (prep_wait 26.8s + upload 31.7s + detect 4.9s; avg 63.59s/label)
17:45:32 [syglass to imaris] leveldb not available — cannot read .sym counting points.
17:45:32 [syglass to imaris] Done — surfaces added to the scene. NOT saved: press Ctrl+S in Imaris to write them to the .ims when ready.
