17:11:00 [syglass to imaris] logging to: D:\USER DATA\Mark Becker\syglass-imaris-interop\logs\pulse_xt_20260727_171100.log
17:11:00 [syglass to imaris] no .syk next to the .ims (looked for D:\USER DATA\Mark Becker\v2_nosyk_test\260205_mbls005_dd008v_3a_5b_5ac_af_stc.syk); opening file picker.
17:11:06 [syglass to imaris] using .syk: D:/USER DATA/Mark Becker/test_masks_2/260205_mbls005_dd008v_3a_5b_5ac_af_stc.syk
17:11:06 [syglass to imaris] Importing your syglass mask...
17:11:06 [syglass to imaris] .ims dims:    2167 x 4768 x 1204 voxels
17:11:06 [syglass to imaris] .ims extents: X=[-1800.750, 8505.910] Y=[-11707.200, 10970.300] Z=[0.000, 6020.000]
17:11:06 [syglass to imaris] .ims voxel size (um): 4.7562 x 4.7562 x 5.0000
17:11:06 [syglass to imaris] .syk: cx=136 cy=300 cz=76  stride=6,201,624  ~434 blocks
17:11:06 [syglass to imaris] .syk: 434 blocks; deepest level=4  full grid=2160×4784×1200
17:11:06 [syglass to imaris] APRON DIAGNOSTIC — do adjacent blocks overlap?
17:11:06 [syglass to imaris]   X: A.last==B.first=0.00  A.last-1==B.first=0.00  baseline=0.00
17:11:06 [syglass to imaris]   Y: A.last==B.first=0.91  A.last-1==B.first=0.92  baseline=0.00
17:11:06 [syglass to imaris]   Z: A.last==B.first=0.00  A.last-1==B.first=nan  baseline=0.00
17:11:06 [syglass to imaris] .syk: allocating clipped vol 1856×1920×1152 (origin 304,2864,48)
17:11:08 [syglass to imaris] .syk: placed 317 level-4 blocks (of 4096 possible)
17:11:08 [syglass to imaris] SEAM PROBE (values across block boundaries; | = block edge):
17:11:08 [syglass to imaris]   X@101: 111111.|11111111
17:11:08 [syglass to imaris]   X@236: 111111.|11111111
17:11:08 [syglass to imaris]   X@371: 111111.|11111111
17:11:08 [syglass to imaris]   X@506: ......1|........
17:11:08 [syglass to imaris]   Y@126: .......|....1111
17:11:08 [syglass to imaris]   Y@425: 1111111|11111111
17:11:08 [syglass to imaris]   Y@724: 1111111|11111111
17:11:08 [syglass to imaris]   Y@1023: 1111111|11111111
17:11:09 [syglass to imaris]   Z@27: .....11|11111111
17:11:09 [syglass to imaris]   Z@102: 1111111|11111111
17:11:09 [syglass to imaris]   Z@177: 1111111|11111111
17:11:09 [syglass to imaris]   Z@252: 1111111|11111111
17:11:11 [syglass to imaris] mask read in 5.4s
17:11:20 [syglass to imaris] label_vol shape: (1856, 1920, 1152), dtype: uint16
17:11:20 [syglass to imaris] Non-zero voxels: 37591124 / 4105175040  (inventory in 8.5s)
17:11:20 [syglass to imaris]   label 1: 37591124 voxels
17:11:20 [syglass to imaris] Found 1 labels: [1]
17:11:21 [syglass to imaris] mask projection — top-down (rows=X, cols=Y):
17:11:21 [syglass to imaris]   |          ###                                                   |
17:11:21 [syglass to imaris]   |          ###                                                   |
17:11:21 [syglass to imaris]   |##    ### #####              ##  ###         ####               |
17:11:21 [syglass to imaris]   |##   ##########              #######        #####               |
17:11:21 [syglass to imaris]   |###    ######                #####         ####                 |
17:11:21 [syglass to imaris]   |##############          ############    ########                |
17:11:21 [syglass to imaris]   | ############         ########################                  |
17:11:21 [syglass to imaris]   |#####  ########       ####   #################                  |
17:11:21 [syglass to imaris]   |#####    #####        ####   ################                   |
17:11:21 [syglass to imaris]   |######                    #######                               |
17:11:21 [syglass to imaris]   |########                #########  #                            |
17:11:21 [syglass to imaris]   |   ########          ########                                   |
17:11:21 [syglass to imaris]   |   ##########################                                   |
17:11:21 [syglass to imaris]   |#########################                                       |
17:11:21 [syglass to imaris]   |##########################                                      |
17:11:21 [syglass to imaris]   |#######              #########                                  |
17:11:21 [syglass to imaris]   |#########            #######################                    |
17:11:21 [syglass to imaris]   |                #########  #################                    |
17:11:21 [syglass to imaris]   |                ####################### ####                    |
17:11:21 [syglass to imaris]   |                  ####       ###### ######                      |
17:11:21 [syglass to imaris]   |                ######       ####  ####### #                    |
17:11:21 [syglass to imaris]   |                                                                |
17:11:21 [syglass to imaris]   |                             ###      ###  #                    |
17:11:21 [syglass to imaris]   |                                                                |
17:11:21 [syglass to imaris]   |                                                                |
17:11:21 [syglass to imaris]   |                                                                |
17:11:21 [syglass to imaris] mask projection — side (rows=X, cols=Z):
17:11:21 [syglass to imaris]   |                    ####                                        |
17:11:21 [syglass to imaris]   |                   #####                                        |
17:11:21 [syglass to imaris]   |            ###    #####    #######   ###  ###                  |
17:11:21 [syglass to imaris]   |              #####################   ########                  |
17:11:21 [syglass to imaris]   |            ######################   #########                  |
17:11:21 [syglass to imaris]   | ################################## ###### ###                  |
17:11:21 [syglass to imaris]   |  #########  #############      ## ########                     |
17:11:21 [syglass to imaris]   |          #################  ###############                    |
17:11:21 [syglass to imaris]   |            ####################################                |
17:11:21 [syglass to imaris]   |                   ##############################               |
17:11:21 [syglass to imaris]   |                  #############################                 |
17:11:21 [syglass to imaris]   |                ###########                                     |
17:11:21 [syglass to imaris]   |            ###############                                     |
17:11:21 [syglass to imaris]   |   #########################                                    |
17:11:21 [syglass to imaris]   |###############################                                 |
17:11:21 [syglass to imaris]   |################        ##################                      |
17:11:21 [syglass to imaris]   | ################  #######################                      |
17:11:21 [syglass to imaris]   |                    ###################                         |
17:11:21 [syglass to imaris]   |                   ######################                       |
17:11:21 [syglass to imaris]   |#######           ######      ###########                       |
17:11:21 [syglass to imaris]   | ## ###             #####    ##########                         |
17:11:21 [syglass to imaris]   |                                                                |
17:11:21 [syglass to imaris]   |    ##              ###       #####                             |
17:11:21 [syglass to imaris]   |                                                                |
17:11:21 [syglass to imaris]   |                                                                |
17:11:21 [syglass to imaris]   |                                                                |
17:11:21 [syglass to imaris] IDataSet (clipped): 1856×1920×1152 voxels  full grid 2160×4784×1200
17:11:21 [syglass to imaris] IDataSet extents: X=[-350.2, 8505.9] Y=[1869.0, 10970.3] Z=[240.8, 6020.0]
17:11:21 [syglass to imaris] ims/syk ratio: X=1.00  Y=1.00  Z=1.00
17:11:21 [syglass to imaris] 1 label(s); each cropped to its bbox, uploaded in <= 900 KB chunks; prep pipelined 1 ahead
17:11:47 [syglass to imaris] L1/1 (id 1): crop 1543x1449x876 (1958.6 MB) at voxel (47,6,9); painted=37591124 kept=37902562; bbox um X=[-126,7237] Y=[1897,8766] Z=[286,4681]
17:12:16 [syglass to imaris] L1/1 (id 1): prep_wait=25.98s  upload=24.50s  detect=4.82s  surfaces_in_object=1
17:12:16 [syglass to imaris] Created 1 surface object(s) in 55.5s  (prep_wait 26.0s + upload 24.5s + detect 4.8s; avg 55.47s/label)
17:12:16 [syglass to imaris] leveldb not available — cannot read .sym counting points.
17:12:16 [syglass to imaris] Done — surfaces added to the scene. NOT saved: press Ctrl+S in Imaris to write them to the .ims when ready.
